---
http_interactions:
- request:
    method: post
    uri: https://api.stripe.com/v1/customers
    body:
      encoding: US-ASCII
      string: card[number]=4242424242424242&card[exp_month]=12&card[exp_year]=30&card[cvc]=222&metadata[country_code]=NL&metadata[other]=random
    headers:
      Accept:
      - "*/*; q=0.5, application/xml"
      Accept-Encoding:
      - gzip, deflate
      User-Agent:
      - Stripe/v1 RubyBindings/1.14.0
      Authorization:
      - "<AUTH>"
      Content-Type:
      - application/x-www-form-urlencoded
      X-Stripe-Client-User-Agent:
      - '{"bindings_version":"1.14.0","lang":"ruby","lang_version":"2.1.1 p76 (2014-02-24)","platform":"x86_64-darwin13.0","publisher":"stripe","uname":"Darwin
        Mattiass-MacBook-Air.local 13.0.0 Darwin Kernel Version 13.0.0: Thu Sep 19
        22:22:27 PDT 2013; root:xnu-2422.1.72~6/RELEASE_X86_64 x86_64"}'
      Content-Length:
      - '129'
  response:
    status:
      code: 200
      message: OK
    headers:
      Server:
      - nginx
      Date:
      - Mon, 15 Dec 2014 16:07:24 GMT
      Content-Type:
      - application/json;charset=utf-8
      Content-Length:
      - '1400'
      Connection:
      - keep-alive
      Access-Control-Allow-Credentials:
      - 'true'
      Access-Control-Allow-Methods:
      - GET, POST, HEAD, OPTIONS, DELETE
      Access-Control-Max-Age:
      - '300'
      Cache-Control:
      - no-cache, no-store
      Request-Id:
      - req_JAGsIBrigJop4Fu2
      Stripe-Version:
      - '2014-03-13'
      Strict-Transport-Security:
      - max-age=31556926; includeSubDomains
    body:
      encoding: UTF-8
      string: |
        {
          "object": "customer",
          "created": 1418659644,
          "id": "cus_5KglGtb6IHTHBK",
          "livemode": false,
          "description": null,
          "email": null,
          "delinquent": false,
          "metadata": {
            "country_code": "NL",
            "other": "random"
          },
          "subscriptions": {
            "object": "list",
            "total_count": 0,
            "has_more": false,
            "url": "/v1/customers/cus_5KglGtb6IHTHBK/subscriptions",
            "data": [],
            "count": 0
          },
          "discount": null,
          "account_balance": 0,
          "currency": null,
          "cards": {
            "object": "list",
            "total_count": 1,
            "has_more": false,
            "url": "/v1/customers/cus_5KglGtb6IHTHBK/cards",
            "data": [
              {
                "id": "card_15A1NY2nHroS7mLXk9nM2VTr",
                "object": "card",
                "last4": "4242",
                "brand": "Visa",
                "funding": "credit",
                "exp_month": 12,
                "exp_year": 2030,
                "fingerprint": "0K7oMWAQAFG7TEob",
                "country": "US",
                "name": null,
                "address_line1": null,
                "address_line2": null,
                "address_city": null,
                "address_state": null,
                "address_zip": null,
                "address_country": null,
                "cvc_check": "pass",
                "address_line1_check": null,
                "address_zip_check": null,
                "dynamic_last4": null,
                "customer": "cus_5KglGtb6IHTHBK",
                "type": "Visa"
              }
            ],
            "count": 1
          },
          "default_card": "card_15A1NY2nHroS7mLXk9nM2VTr"
        }
    http_version: 
  recorded_at: Mon, 15 Dec 2014 16:07:24 GMT
- request:
    method: get
    uri: https://api.stripe.com/v1/plans/test
    body:
      encoding: US-ASCII
      string: ''
    headers:
      Accept:
      - "*/*; q=0.5, application/xml"
      Accept-Encoding:
      - gzip, deflate
      User-Agent:
      - Stripe/v1 RubyBindings/1.14.0
      Authorization:
      - "<AUTH>"
      Content-Type:
      - application/x-www-form-urlencoded
      X-Stripe-Client-User-Agent:
      - '{"bindings_version":"1.14.0","lang":"ruby","lang_version":"2.1.1 p76 (2014-02-24)","platform":"x86_64-darwin13.0","publisher":"stripe","uname":"Darwin
        Mattiass-MacBook-Air.local 13.0.0 Darwin Kernel Version 13.0.0: Thu Sep 19
        22:22:27 PDT 2013; root:xnu-2422.1.72~6/RELEASE_X86_64 x86_64"}'
  response:
    status:
      code: 200
      message: OK
    headers:
      Server:
      - nginx
      Date:
      - Mon, 15 Dec 2014 16:07:25 GMT
      Content-Type:
      - application/json;charset=utf-8
      Content-Length:
      - '273'
      Connection:
      - keep-alive
      Access-Control-Allow-Credentials:
      - 'true'
      Access-Control-Allow-Methods:
      - GET, POST, HEAD, OPTIONS, DELETE
      Access-Control-Max-Age:
      - '300'
      Cache-Control:
      - no-cache, no-store
      Request-Id:
      - req_htXsj7zQgm4DeKh1
      Stripe-Version:
      - '2014-03-13'
      Strict-Transport-Security:
      - max-age=31556926; includeSubDomains
    body:
      encoding: UTF-8
      string: |
        {
          "interval": "month",
          "name": "Test Plan",
          "created": 1406556583,
          "amount": 1499,
          "currency": "usd",
          "id": "test",
          "object": "plan",
          "livemode": false,
          "interval_count": 1,
          "trial_period_days": null,
          "metadata": {},
          "statement_description": null
        }
    http_version: 
  recorded_at: Mon, 15 Dec 2014 16:07:25 GMT
- request:
    method: get
    uri: https://api.stripe.com/v1/coupons/25OFF
    body:
      encoding: US-ASCII
      string: ''
    headers:
      Accept:
      - "*/*; q=0.5, application/xml"
      Accept-Encoding:
      - gzip, deflate
      User-Agent:
      - Stripe/v1 RubyBindings/1.14.0
      Authorization:
      - "<AUTH>"
      Content-Type:
      - application/x-www-form-urlencoded
      X-Stripe-Client-User-Agent:
      - '{"bindings_version":"1.14.0","lang":"ruby","lang_version":"2.1.1 p76 (2014-02-24)","platform":"x86_64-darwin13.0","publisher":"stripe","uname":"Darwin
        Mattiass-MacBook-Air.local 13.0.0 Darwin Kernel Version 13.0.0: Thu Sep 19
        22:22:27 PDT 2013; root:xnu-2422.1.72~6/RELEASE_X86_64 x86_64"}'
  response:
    status:
      code: 200
      message: OK
    headers:
      Server:
      - nginx
      Date:
      - Mon, 15 Dec 2014 16:07:25 GMT
      Content-Type:
      - application/json;charset=utf-8
      Content-Length:
      - '312'
      Connection:
      - keep-alive
      Access-Control-Allow-Credentials:
      - 'true'
      Access-Control-Allow-Methods:
      - GET, POST, HEAD, OPTIONS, DELETE
      Access-Control-Max-Age:
      - '300'
      Cache-Control:
      - no-cache, no-store
      Request-Id:
      - req_QgvTzuT9AtxN9E6t
      Stripe-Version:
      - '2014-03-13'
      Strict-Transport-Security:
      - max-age=31556926; includeSubDomains
    body:
      encoding: UTF-8
      string: |
        {
          "id": "25OFF",
          "created": 1410521489,
          "percent_off": 25,
          "amount_off": null,
          "currency": null,
          "object": "coupon",
          "livemode": false,
          "duration": "repeating",
          "redeem_by": null,
          "max_redemptions": null,
          "times_redeemed": 79,
          "duration_in_months": 3,
          "valid": true,
          "metadata": {}
        }
    http_version: 
  recorded_at: Mon, 15 Dec 2014 16:07:26 GMT
- request:
    method: get
    uri: https://api.stripe.com/v1/plans/test
    body:
      encoding: US-ASCII
      string: ''
    headers:
      Accept:
      - "*/*; q=0.5, application/xml"
      Accept-Encoding:
      - gzip, deflate
      User-Agent:
      - Stripe/v1 RubyBindings/1.14.0
      Authorization:
      - "<AUTH>"
      Content-Type:
      - application/x-www-form-urlencoded
      X-Stripe-Client-User-Agent:
      - '{"bindings_version":"1.14.0","lang":"ruby","lang_version":"2.1.1 p76 (2014-02-24)","platform":"x86_64-darwin13.0","publisher":"stripe","uname":"Darwin
        Mattiass-MacBook-Air.local 13.0.0 Darwin Kernel Version 13.0.0: Thu Sep 19
        22:22:27 PDT 2013; root:xnu-2422.1.72~6/RELEASE_X86_64 x86_64"}'
  response:
    status:
      code: 200
      message: OK
    headers:
      Server:
      - nginx
      Date:
      - Mon, 15 Dec 2014 16:07:26 GMT
      Content-Type:
      - application/json;charset=utf-8
      Content-Length:
      - '273'
      Connection:
      - keep-alive
      Access-Control-Allow-Credentials:
      - 'true'
      Access-Control-Allow-Methods:
      - GET, POST, HEAD, OPTIONS, DELETE
      Access-Control-Max-Age:
      - '300'
      Cache-Control:
      - no-cache, no-store
      Request-Id:
      - req_uUoVwrC9cmI3UsuB
      Stripe-Version:
      - '2014-03-13'
      Strict-Transport-Security:
      - max-age=31556926; includeSubDomains
    body:
      encoding: UTF-8
      string: |
        {
          "interval": "month",
          "name": "Test Plan",
          "created": 1406556583,
          "amount": 1499,
          "currency": "usd",
          "id": "test",
          "object": "plan",
          "livemode": false,
          "interval_count": 1,
          "trial_period_days": null,
          "metadata": {},
          "statement_description": null
        }
    http_version: 
  recorded_at: Mon, 15 Dec 2014 16:07:26 GMT
- request:
    method: get
    uri: https://api.stripe.com/v1/customers/cus_5KglGtb6IHTHBK
    body:
      encoding: US-ASCII
      string: ''
    headers:
      Accept:
      - "*/*; q=0.5, application/xml"
      Accept-Encoding:
      - gzip, deflate
      User-Agent:
      - Stripe/v1 RubyBindings/1.14.0
      Authorization:
      - "<AUTH>"
      Content-Type:
      - application/x-www-form-urlencoded
      X-Stripe-Client-User-Agent:
      - '{"bindings_version":"1.14.0","lang":"ruby","lang_version":"2.1.1 p76 (2014-02-24)","platform":"x86_64-darwin13.0","publisher":"stripe","uname":"Darwin
        Mattiass-MacBook-Air.local 13.0.0 Darwin Kernel Version 13.0.0: Thu Sep 19
        22:22:27 PDT 2013; root:xnu-2422.1.72~6/RELEASE_X86_64 x86_64"}'
  response:
    status:
      code: 200
      message: OK
    headers:
      Server:
      - nginx
      Date:
      - Mon, 15 Dec 2014 16:07:27 GMT
      Content-Type:
      - application/json;charset=utf-8
      Content-Length:
      - '1400'
      Connection:
      - keep-alive
      Access-Control-Allow-Credentials:
      - 'true'
      Access-Control-Allow-Methods:
      - GET, POST, HEAD, OPTIONS, DELETE
      Access-Control-Max-Age:
      - '300'
      Cache-Control:
      - no-cache, no-store
      Request-Id:
      - req_ukPhlszSbagEoZFU
      Stripe-Version:
      - '2014-03-13'
      Strict-Transport-Security:
      - max-age=31556926; includeSubDomains
    body:
      encoding: UTF-8
      string: |
        {
          "object": "customer",
          "created": 1418659644,
          "id": "cus_5KglGtb6IHTHBK",
          "livemode": false,
          "description": null,
          "email": null,
          "delinquent": false,
          "metadata": {
            "country_code": "NL",
            "other": "random"
          },
          "subscriptions": {
            "object": "list",
            "total_count": 0,
            "has_more": false,
            "url": "/v1/customers/cus_5KglGtb6IHTHBK/subscriptions",
            "data": [],
            "count": 0
          },
          "discount": null,
          "account_balance": 0,
          "currency": null,
          "cards": {
            "object": "list",
            "total_count": 1,
            "has_more": false,
            "url": "/v1/customers/cus_5KglGtb6IHTHBK/cards",
            "data": [
              {
                "id": "card_15A1NY2nHroS7mLXk9nM2VTr",
                "object": "card",
                "last4": "4242",
                "brand": "Visa",
                "funding": "credit",
                "exp_month": 12,
                "exp_year": 2030,
                "fingerprint": "0K7oMWAQAFG7TEob",
                "country": "US",
                "name": null,
                "address_line1": null,
                "address_line2": null,
                "address_city": null,
                "address_state": null,
                "address_zip": null,
                "address_country": null,
                "cvc_check": "pass",
                "address_line1_check": null,
                "address_zip_check": null,
                "dynamic_last4": null,
                "customer": "cus_5KglGtb6IHTHBK",
                "type": "Visa"
              }
            ],
            "count": 1
          },
          "default_card": "card_15A1NY2nHroS7mLXk9nM2VTr"
        }
    http_version: 
  recorded_at: Mon, 15 Dec 2014 16:07:27 GMT
- request:
    method: post
    uri: https://api.stripe.com/v1/invoiceitems
    body:
      encoding: US-ASCII
      string: customer=cus_5KglGtb6IHTHBK&amount=315&currency=usd&description=VAT%20(21%25)&metadata[type]=vat&metadata[rate]=21
    headers:
      Accept:
      - "*/*; q=0.5, application/xml"
      Accept-Encoding:
      - gzip, deflate
      User-Agent:
      - Stripe/v1 RubyBindings/1.14.0
      Authorization:
      - "<AUTH>"
      Content-Type:
      - application/x-www-form-urlencoded
      X-Stripe-Client-User-Agent:
      - '{"bindings_version":"1.14.0","lang":"ruby","lang_version":"2.1.1 p76 (2014-02-24)","platform":"x86_64-darwin13.0","publisher":"stripe","uname":"Darwin
        Mattiass-MacBook-Air.local 13.0.0 Darwin Kernel Version 13.0.0: Thu Sep 19
        22:22:27 PDT 2013; root:xnu-2422.1.72~6/RELEASE_X86_64 x86_64"}'
      Content-Length:
      - '114'
  response:
    status:
      code: 200
      message: OK
    headers:
      Server:
      - nginx
      Date:
      - Mon, 15 Dec 2014 16:07:28 GMT
      Content-Type:
      - application/json;charset=utf-8
      Content-Length:
      - '374'
      Connection:
      - keep-alive
      Access-Control-Allow-Credentials:
      - 'true'
      Access-Control-Allow-Methods:
      - GET, POST, HEAD, OPTIONS, DELETE
      Access-Control-Max-Age:
      - '300'
      Cache-Control:
      - no-cache, no-store
      Request-Id:
      - req_dqvsvwKGUjd8ZNhp
      Stripe-Version:
      - '2014-03-13'
      Strict-Transport-Security:
      - max-age=31556926; includeSubDomains
    body:
      encoding: UTF-8
      string: |
        {
          "object": "invoiceitem",
          "id": "ii_15A1Nc2nHroS7mLXFRIHr8uC",
          "date": 1418659648,
          "amount": 315,
          "livemode": false,
          "proration": false,
          "currency": "usd",
          "customer": "cus_5KglGtb6IHTHBK",
          "description": "VAT (21%)",
          "metadata": {
            "type": "vat",
            "rate": "21"
          },
          "invoice": null,
          "subscription": null,
          "quantity": null,
          "plan": null
        }
    http_version: 
  recorded_at: Mon, 15 Dec 2014 16:07:29 GMT
- request:
    method: post
    uri: https://api.stripe.com/v1/customers/cus_5KglGtb6IHTHBK/subscriptions
    body:
      encoding: US-ASCII
      string: plan=test&coupon=25OFF
    headers:
      Accept:
      - "*/*; q=0.5, application/xml"
      Accept-Encoding:
      - gzip, deflate
      User-Agent:
      - Stripe/v1 RubyBindings/1.14.0
      Authorization:
      - "<AUTH>"
      Content-Type:
      - application/x-www-form-urlencoded
      X-Stripe-Client-User-Agent:
      - '{"bindings_version":"1.14.0","lang":"ruby","lang_version":"2.1.1 p76 (2014-02-24)","platform":"x86_64-darwin13.0","publisher":"stripe","uname":"Darwin
        Mattiass-MacBook-Air.local 13.0.0 Darwin Kernel Version 13.0.0: Thu Sep 19
        22:22:27 PDT 2013; root:xnu-2422.1.72~6/RELEASE_X86_64 x86_64"}'
      Content-Length:
      - '22'
  response:
    status:
      code: 200
      message: OK
    headers:
      Server:
      - nginx
      Date:
      - Mon, 15 Dec 2014 16:07:30 GMT
      Content-Type:
      - application/json;charset=utf-8
      Content-Length:
      - '1277'
      Connection:
      - keep-alive
      Access-Control-Allow-Credentials:
      - 'true'
      Access-Control-Allow-Methods:
      - GET, POST, HEAD, OPTIONS, DELETE
      Access-Control-Max-Age:
      - '300'
      Cache-Control:
      - no-cache, no-store
      Request-Id:
      - req_yOJEmbdyJZfgctjw
      Stripe-Version:
      - '2014-03-13'
      Strict-Transport-Security:
      - max-age=31556926; includeSubDomains
    body:
      encoding: UTF-8
      string: |
        {
          "id": "sub_5KglQV19Nq1niZ",
          "plan": {
            "interval": "month",
            "name": "Test Plan",
            "created": 1406556583,
            "amount": 1499,
            "currency": "usd",
            "id": "test",
            "object": "plan",
            "livemode": false,
            "interval_count": 1,
            "trial_period_days": null,
            "metadata": {},
            "statement_description": null
          },
          "object": "subscription",
          "start": 1418659649,
          "status": "active",
          "customer": "cus_5KglGtb6IHTHBK",
          "cancel_at_period_end": false,
          "current_period_start": 1418659649,
          "current_period_end": 1421338049,
          "ended_at": null,
          "trial_start": null,
          "trial_end": null,
          "canceled_at": null,
          "quantity": 1,
          "application_fee_percent": null,
          "discount": {
            "coupon": {
              "id": "25OFF",
              "created": 1410521489,
              "percent_off": 25,
              "amount_off": null,
              "currency": null,
              "object": "coupon",
              "livemode": false,
              "duration": "repeating",
              "redeem_by": null,
              "max_redemptions": null,
              "times_redeemed": 80,
              "duration_in_months": 3,
              "valid": true,
              "metadata": {}
            },
            "start": 1418659649,
            "object": "discount",
            "customer": "cus_5KglGtb6IHTHBK",
            "subscription": "sub_5KglQV19Nq1niZ",
            "end": 1426435649
          },
          "metadata": {}
        }
    http_version: 
  recorded_at: Mon, 15 Dec 2014 16:07:31 GMT
- request:
    method: get
    uri: https://api.stripe.com/v1/invoices?customer=cus_5KglGtb6IHTHBK&limit=1
    body:
      encoding: US-ASCII
      string: ''
    headers:
      Accept:
      - "*/*; q=0.5, application/xml"
      Accept-Encoding:
      - gzip, deflate
      User-Agent:
      - Stripe/v1 RubyBindings/1.14.0
      Authorization:
      - "<AUTH>"
      Content-Type:
      - application/x-www-form-urlencoded
      X-Stripe-Client-User-Agent:
      - '{"bindings_version":"1.14.0","lang":"ruby","lang_version":"2.1.1 p76 (2014-02-24)","platform":"x86_64-darwin13.0","publisher":"stripe","uname":"Darwin
        Mattiass-MacBook-Air.local 13.0.0 Darwin Kernel Version 13.0.0: Thu Sep 19
        22:22:27 PDT 2013; root:xnu-2422.1.72~6/RELEASE_X86_64 x86_64"}'
  response:
    status:
      code: 200
      message: OK
    headers:
      Server:
      - nginx
      Date:
      - Mon, 15 Dec 2014 16:07:31 GMT
      Content-Type:
      - application/json;charset=utf-8
      Content-Length:
      - '3321'
      Connection:
      - keep-alive
      Access-Control-Allow-Credentials:
      - 'true'
      Access-Control-Allow-Methods:
      - GET, POST, HEAD, OPTIONS, DELETE
      Access-Control-Max-Age:
      - '300'
      Cache-Control:
      - no-cache, no-store
      Request-Id:
      - req_GcbAbG5fR3U78SNV
      Stripe-Version:
      - '2014-03-13'
      Strict-Transport-Security:
      - max-age=31556926; includeSubDomains
    body:
      encoding: UTF-8
      string: |
        {
          "object": "list",
          "has_more": false,
          "url": "/v1/invoices",
          "data": [
            {
              "date": 1418659649,
              "id": "in_15A1Nd2nHroS7mLXUbJmhJX3",
              "period_start": 1418659649,
              "period_end": 1418659649,
              "lines": {
                "object": "list",
                "total_count": 2,
                "has_more": false,
                "url": "/v1/invoices/in_15A1Nd2nHroS7mLXUbJmhJX3/lines",
                "data": [
                  {
                    "id": "ii_15A1Nc2nHroS7mLXFRIHr8uC",
                    "object": "line_item",
                    "type": "invoiceitem",
                    "livemode": false,
                    "amount": 315,
                    "currency": "usd",
                    "proration": false,
                    "period": {
                      "start": 1418659648,
                      "end": 1418659648
                    },
                    "subscription": null,
                    "quantity": null,
                    "plan": null,
                    "description": "VAT (21%)",
                    "metadata": {
                      "type": "vat",
                      "rate": "21"
                    }
                  },
                  {
                    "id": "sub_5KglQV19Nq1niZ",
                    "object": "line_item",
                    "type": "subscription",
                    "livemode": false,
                    "amount": 1499,
                    "currency": "usd",
                    "proration": false,
                    "period": {
                      "start": 1418659649,
                      "end": 1421338049
                    },
                    "subscription": null,
                    "quantity": 1,
                    "plan": {
                      "interval": "month",
                      "name": "Test Plan",
                      "created": 1406556583,
                      "amount": 1499,
                      "currency": "usd",
                      "id": "test",
                      "object": "plan",
                      "livemode": false,
                      "interval_count": 1,
                      "trial_period_days": null,
                      "metadata": {},
                      "statement_description": null
                    },
                    "description": null,
                    "metadata": {}
                  }
                ],
                "count": 2
              },
              "subtotal": 1814,
              "total": 1360,
              "customer": "cus_5KglGtb6IHTHBK",
              "object": "invoice",
              "attempted": true,
              "closed": true,
              "forgiven": false,
              "paid": true,
              "livemode": false,
              "attempt_count": 1,
              "amount_due": 1360,
              "currency": "usd",
              "starting_balance": 0,
              "ending_balance": 0,
              "next_payment_attempt": null,
              "webhooks_delivered_at": null,
              "charge": "ch_15A1Nd2nHroS7mLXBMU7rabH",
              "discount": {
                "coupon": {
                  "id": "25OFF",
                  "created": 1410521489,
                  "percent_off": 25,
                  "amount_off": null,
                  "currency": null,
                  "object": "coupon",
                  "livemode": false,
                  "duration": "repeating",
                  "redeem_by": null,
                  "max_redemptions": null,
                  "times_redeemed": 80,
                  "duration_in_months": 3,
                  "valid": true,
                  "metadata": {}
                },
                "start": 1418659649,
                "object": "discount",
                "customer": "cus_5KglGtb6IHTHBK",
                "subscription": "sub_5KglQV19Nq1niZ",
                "end": 1426435649
              },
              "application_fee": null,
              "subscription": "sub_5KglQV19Nq1niZ",
              "metadata": {},
              "statement_description": null,
              "description": null,
              "receipt_number": null
            }
          ],
          "count": 1
        }
    http_version: 
  recorded_at: Mon, 15 Dec 2014 16:07:31 GMT
recorded_with: VCR 2.9.2
