---
http_interactions:
- request:
    method: post
    uri: https://api.stripe.com/v1/customers
    body:
      encoding: US-ASCII
      string: card[number]=4242424242424242&card[exp_month]=12&card[exp_year]=30&card[cvc]=222&metadata[country_code]=NL&metadata[vat_registered]=false&metadata[other]=random
    headers:
      Accept:
      - "*/*; q=0.5, application/xml"
      Accept-Encoding:
      - gzip, deflate
      User-Agent:
      - Stripe/v1 RubyBindings/1.14.0
      Authorization:
      - "<AUTH>"
      Content-Type:
      - application/x-www-form-urlencoded
      X-Stripe-Client-User-Agent:
      - '{"bindings_version":"1.14.0","lang":"ruby","lang_version":"2.1.1 p76 (2014-02-24)","platform":"x86_64-darwin13.0","publisher":"stripe","uname":"Darwin
        Mattiass-MacBook-Air.local 13.0.0 Darwin Kernel Version 13.0.0: Thu Sep 19
        22:22:27 PDT 2013; root:xnu-2422.1.72~6/RELEASE_X86_64 x86_64"}'
      Content-Length:
      - '160'
  response:
    status:
      code: 200
      message: OK
    headers:
      Server:
      - nginx
      Date:
      - Mon, 18 Aug 2014 10:48:30 GMT
      Content-Type:
      - application/json;charset=utf-8
      Content-Length:
      - '1400'
      Access-Control-Allow-Credentials:
      - 'true'
      Access-Control-Allow-Methods:
      - GET, POST, HEAD, OPTIONS, DELETE
      Access-Control-Max-Age:
      - '300'
      Cache-Control:
      - no-cache, no-store
      Stripe-Version:
      - '2014-03-13'
      Strict-Transport-Security:
      - max-age=31556926; includeSubDomains
    body:
      encoding: UTF-8
      string: |
        {
          "object": "customer",
          "created": 1408358910,
          "id": "cus_4c1k0bMWhdc3fG",
          "livemode": false,
          "description": null,
          "email": null,
          "delinquent": false,
          "metadata": {
            "country_code": "NL",
            "vat_registered": "false",
            "other": "random"
          },
          "subscriptions": {
            "object": "list",
            "total_count": 0,
            "has_more": false,
            "url": "/v1/customers/cus_4c1k0bMWhdc3fG/subscriptions",
            "data": [],
            "count": 0
          },
          "discount": null,
          "account_balance": 0,
          "currency": null,
          "cards": {
            "object": "list",
            "total_count": 1,
            "has_more": false,
            "url": "/v1/customers/cus_4c1k0bMWhdc3fG/cards",
            "data": [
              {
                "id": "card_14Sngg2nHroS7mLXMjx4pjqF",
                "object": "card",
                "last4": "4242",
                "brand": "Visa",
                "funding": "credit",
                "exp_month": 12,
                "exp_year": 2030,
                "fingerprint": "0K7oMWAQAFG7TEob",
                "country": "US",
                "name": null,
                "address_line1": null,
                "address_line2": null,
                "address_city": null,
                "address_state": null,
                "address_zip": null,
                "address_country": null,
                "cvc_check": "pass",
                "address_line1_check": null,
                "address_zip_check": null,
                "customer": "cus_4c1k0bMWhdc3fG",
                "type": "Visa"
              }
            ],
            "count": 1
          },
          "default_card": "card_14Sngg2nHroS7mLXMjx4pjqF"
        }
    http_version: 
  recorded_at: Mon, 18 Aug 2014 10:48:30 GMT
- request:
    method: get
    uri: https://api.stripe.com/v1/plans/test
    body:
      encoding: US-ASCII
      string: ''
    headers:
      Accept:
      - "*/*; q=0.5, application/xml"
      Accept-Encoding:
      - gzip, deflate
      User-Agent:
      - Stripe/v1 RubyBindings/1.14.0
      Authorization:
      - "<AUTH>"
      Content-Type:
      - application/x-www-form-urlencoded
      X-Stripe-Client-User-Agent:
      - '{"bindings_version":"1.14.0","lang":"ruby","lang_version":"2.1.1 p76 (2014-02-24)","platform":"x86_64-darwin13.0","publisher":"stripe","uname":"Darwin
        Mattiass-MacBook-Air.local 13.0.0 Darwin Kernel Version 13.0.0: Thu Sep 19
        22:22:27 PDT 2013; root:xnu-2422.1.72~6/RELEASE_X86_64 x86_64"}'
  response:
    status:
      code: 200
      message: OK
    headers:
      Server:
      - nginx
      Date:
      - Mon, 18 Aug 2014 10:48:31 GMT
      Content-Type:
      - application/json;charset=utf-8
      Content-Length:
      - '273'
      Access-Control-Allow-Credentials:
      - 'true'
      Access-Control-Allow-Methods:
      - GET, POST, HEAD, OPTIONS, DELETE
      Access-Control-Max-Age:
      - '300'
      Cache-Control:
      - no-cache, no-store
      Stripe-Version:
      - '2014-03-13'
      Strict-Transport-Security:
      - max-age=31556926; includeSubDomains
    body:
      encoding: UTF-8
      string: |
        {
          "interval": "month",
          "name": "Test Plan",
          "created": 1406556583,
          "amount": 1499,
          "currency": "usd",
          "id": "test",
          "object": "plan",
          "livemode": false,
          "interval_count": 1,
          "trial_period_days": null,
          "metadata": {},
          "statement_description": null
        }
    http_version: 
  recorded_at: Mon, 18 Aug 2014 10:48:31 GMT
- request:
    method: post
    uri: https://api.stripe.com/v1/customers/cus_4c1k0bMWhdc3fG/subscriptions
    body:
      encoding: US-ASCII
      string: plan=test&trial_end=1408359911
    headers:
      Accept:
      - "*/*; q=0.5, application/xml"
      Accept-Encoding:
      - gzip, deflate
      User-Agent:
      - Stripe/v1 RubyBindings/1.14.0
      Authorization:
      - "<AUTH>"
      Content-Type:
      - application/x-www-form-urlencoded
      X-Stripe-Client-User-Agent:
      - '{"bindings_version":"1.14.0","lang":"ruby","lang_version":"2.1.1 p76 (2014-02-24)","platform":"x86_64-darwin13.0","publisher":"stripe","uname":"Darwin
        Mattiass-MacBook-Air.local 13.0.0 Darwin Kernel Version 13.0.0: Thu Sep 19
        22:22:27 PDT 2013; root:xnu-2422.1.72~6/RELEASE_X86_64 x86_64"}'
      Content-Length:
      - '30'
  response:
    status:
      code: 200
      message: OK
    headers:
      Server:
      - nginx
      Date:
      - Mon, 18 Aug 2014 10:48:32 GMT
      Content-Type:
      - application/json;charset=utf-8
      Content-Length:
      - '750'
      Access-Control-Allow-Credentials:
      - 'true'
      Access-Control-Allow-Methods:
      - GET, POST, HEAD, OPTIONS, DELETE
      Access-Control-Max-Age:
      - '300'
      Cache-Control:
      - no-cache, no-store
      Stripe-Version:
      - '2014-03-13'
      Strict-Transport-Security:
      - max-age=31556926; includeSubDomains
    body:
      encoding: UTF-8
      string: |
        {
          "id": "sub_4c1kTPqw262wm2",
          "plan": {
            "interval": "month",
            "name": "Test Plan",
            "created": 1406556583,
            "amount": 1499,
            "currency": "usd",
            "id": "test",
            "object": "plan",
            "livemode": false,
            "interval_count": 1,
            "trial_period_days": null,
            "metadata": {},
            "statement_description": null
          },
          "object": "subscription",
          "start": 1408358912,
          "status": "trialing",
          "customer": "cus_4c1k0bMWhdc3fG",
          "cancel_at_period_end": false,
          "current_period_start": 1408358912,
          "current_period_end": 1408359911,
          "ended_at": null,
          "trial_start": 1408358912,
          "trial_end": 1408359911,
          "canceled_at": null,
          "quantity": 1,
          "application_fee_percent": null,
          "discount": null,
          "metadata": {}
        }
    http_version: 
  recorded_at: Mon, 18 Aug 2014 10:48:32 GMT
- request:
    method: get
    uri: https://api.stripe.com/v1/invoices?customer=cus_4c1k0bMWhdc3fG
    body:
      encoding: US-ASCII
      string: ''
    headers:
      Accept:
      - "*/*; q=0.5, application/xml"
      Accept-Encoding:
      - gzip, deflate
      User-Agent:
      - Stripe/v1 RubyBindings/1.14.0
      Authorization:
      - "<AUTH>"
      Content-Type:
      - application/x-www-form-urlencoded
      X-Stripe-Client-User-Agent:
      - '{"bindings_version":"1.14.0","lang":"ruby","lang_version":"2.1.1 p76 (2014-02-24)","platform":"x86_64-darwin13.0","publisher":"stripe","uname":"Darwin
        Mattiass-MacBook-Air.local 13.0.0 Darwin Kernel Version 13.0.0: Thu Sep 19
        22:22:27 PDT 2013; root:xnu-2422.1.72~6/RELEASE_X86_64 x86_64"}'
  response:
    status:
      code: 200
      message: OK
    headers:
      Server:
      - nginx
      Date:
      - Mon, 18 Aug 2014 10:48:33 GMT
      Content-Type:
      - application/json;charset=utf-8
      Content-Length:
      - '2000'
      Access-Control-Allow-Credentials:
      - 'true'
      Access-Control-Allow-Methods:
      - GET, POST, HEAD, OPTIONS, DELETE
      Access-Control-Max-Age:
      - '300'
      Cache-Control:
      - no-cache, no-store
      Stripe-Version:
      - '2014-03-13'
      Strict-Transport-Security:
      - max-age=31556926; includeSubDomains
    body:
      encoding: UTF-8
      string: |
        {
          "object": "list",
          "has_more": false,
          "url": "/v1/invoices",
          "data": [
            {
              "date": 1408358912,
              "id": "in_14Sngi2nHroS7mLXYR2zzNvh",
              "period_start": 1408358912,
              "period_end": 1408358912,
              "lines": {
                "object": "list",
                "total_count": 1,
                "has_more": false,
                "url": "/v1/invoices/in_14Sngi2nHroS7mLXYR2zzNvh/lines",
                "data": [
                  {
                    "id": "sub_4c1kTPqw262wm2",
                    "object": "line_item",
                    "type": "subscription",
                    "livemode": false,
                    "amount": 0,
                    "currency": "usd",
                    "proration": false,
                    "period": {
                      "start": 1408358912,
                      "end": 1408359911
                    },
                    "quantity": 1,
                    "plan": {
                      "interval": "month",
                      "name": "Test Plan",
                      "created": 1406556583,
                      "amount": 1499,
                      "currency": "usd",
                      "id": "test",
                      "object": "plan",
                      "livemode": false,
                      "interval_count": 1,
                      "trial_period_days": null,
                      "metadata": {},
                      "statement_description": null
                    },
                    "description": null,
                    "metadata": {}
                  }
                ],
                "count": 1
              },
              "subtotal": 0,
              "total": 0,
              "customer": "cus_4c1k0bMWhdc3fG",
              "object": "invoice",
              "attempted": true,
              "closed": true,
              "forgiven": false,
              "paid": true,
              "livemode": false,
              "attempt_count": 0,
              "amount_due": 0,
              "currency": "usd",
              "starting_balance": 0,
              "ending_balance": 0,
              "next_payment_attempt": null,
              "webhooks_delivered_at": 1408358912,
              "charge": null,
              "discount": null,
              "application_fee": null,
              "subscription": "sub_4c1kTPqw262wm2",
              "metadata": {},
              "statement_description": null,
              "description": null
            }
          ],
          "count": 1
        }
    http_version: 
  recorded_at: Mon, 18 Aug 2014 10:48:33 GMT
- request:
    method: get
    uri: https://api.stripe.com/v1/invoices/in_14Sngi2nHroS7mLXYR2zzNvh
    body:
      encoding: US-ASCII
      string: ''
    headers:
      Accept:
      - "*/*; q=0.5, application/xml"
      Accept-Encoding:
      - gzip, deflate
      User-Agent:
      - Stripe/v1 RubyBindings/1.14.0
      Authorization:
      - "<AUTH>"
      Content-Type:
      - application/x-www-form-urlencoded
      X-Stripe-Client-User-Agent:
      - '{"bindings_version":"1.14.0","lang":"ruby","lang_version":"2.1.1 p76 (2014-02-24)","platform":"x86_64-darwin13.0","publisher":"stripe","uname":"Darwin
        Mattiass-MacBook-Air.local 13.0.0 Darwin Kernel Version 13.0.0: Thu Sep 19
        22:22:27 PDT 2013; root:xnu-2422.1.72~6/RELEASE_X86_64 x86_64"}'
  response:
    status:
      code: 200
      message: OK
    headers:
      Server:
      - nginx
      Date:
      - Mon, 18 Aug 2014 10:48:34 GMT
      Content-Type:
      - application/json;charset=utf-8
      Content-Length:
      - '1628'
      Access-Control-Allow-Credentials:
      - 'true'
      Access-Control-Allow-Methods:
      - GET, POST, HEAD, OPTIONS, DELETE
      Access-Control-Max-Age:
      - '300'
      Cache-Control:
      - no-cache, no-store
      Stripe-Version:
      - '2014-03-13'
      Strict-Transport-Security:
      - max-age=31556926; includeSubDomains
    body:
      encoding: UTF-8
      string: |
        {
          "date": 1408358912,
          "id": "in_14Sngi2nHroS7mLXYR2zzNvh",
          "period_start": 1408358912,
          "period_end": 1408358912,
          "lines": {
            "object": "list",
            "total_count": 1,
            "has_more": false,
            "url": "/v1/invoices/in_14Sngi2nHroS7mLXYR2zzNvh/lines",
            "data": [
              {
                "id": "sub_4c1kTPqw262wm2",
                "object": "line_item",
                "type": "subscription",
                "livemode": false,
                "amount": 0,
                "currency": "usd",
                "proration": false,
                "period": {
                  "start": 1408358912,
                  "end": 1408359911
                },
                "quantity": 1,
                "plan": {
                  "interval": "month",
                  "name": "Test Plan",
                  "created": 1406556583,
                  "amount": 1499,
                  "currency": "usd",
                  "id": "test",
                  "object": "plan",
                  "livemode": false,
                  "interval_count": 1,
                  "trial_period_days": null,
                  "metadata": {},
                  "statement_description": null
                },
                "description": null,
                "metadata": {}
              }
            ],
            "count": 1
          },
          "subtotal": 0,
          "total": 0,
          "customer": "cus_4c1k0bMWhdc3fG",
          "object": "invoice",
          "attempted": true,
          "closed": true,
          "forgiven": false,
          "paid": true,
          "livemode": false,
          "attempt_count": 0,
          "amount_due": 0,
          "currency": "usd",
          "starting_balance": 0,
          "ending_balance": 0,
          "next_payment_attempt": null,
          "webhooks_delivered_at": 1408358912,
          "charge": null,
          "discount": null,
          "application_fee": null,
          "subscription": "sub_4c1kTPqw262wm2",
          "metadata": {},
          "statement_description": null,
          "description": null
        }
    http_version: 
  recorded_at: Mon, 18 Aug 2014 10:48:34 GMT
recorded_with: VCR 2.9.2
